r1b2rk1/pp3ppp/2Bbp3/3p4/8/1P3N1P/P1Pp1PP1/qN3RK1 w - - 0 1

